0 verbose cli /root/.nvm/versions/node/v24.19.0/bin/node /root/.nvm/versions/node/v24.19.0/lib/node_modules/npm/bin/npm-cli.js
1 info using npm@11.17.0
2 info using node@v24.19.0
3 silly config load:file:/root/.nvm/versions/node/v24.19.0/lib/node_modules/npm/npmrc
4 silly config load:file:/root/nms/.npmrc
5 silly config load:file:/root/.npmrc
6 silly config load:file:/root/.nvm/versions/node/v24.19.0/etc/npmrc
7 verbose title npm exec vite build
8 verbose argv "exec" "--" "vite" "build"
9 verbose logfile logs-max:10 dir:/root/nms/.npm-cache/_logs/2026-09-06T13_07_00_117Z-
10 verbose logfile /root/nms/.npm-cache/_logs/2026-09-06T13_07_00_117Z-debug-0.log
11 silly logfile done cleaning log files
12 silly packumentCache heap:4496293888 maxSize:1124073472 maxEntrySize:562036736
13 http fetch GET 200 https://registry.npmjs.org/vite 859ms (cache miss)
14 silly packumentCache heap:4496293888 maxSize:1124073472 maxEntrySize:562036736
15 silly packumentCache heap:4496293888 maxSize:1124073472 maxEntrySize:562036736
16 warn exec The following package was not found and will be installed: vite@8.2.2
17 silly idealTree buildDeps
18 silly fetch manifest vite@8.2.2
19 silly packumentCache full:https://registry.npmjs.org/vite cache-miss
20 http fetch GET 200 https://registry.npmjs.org/vite 1592ms (cache miss)
21 silly packumentCache full:https://registry.npmjs.org/vite set size:undefined disposed:false
22 silly fetch manifest @types/node@^20.19.0 || >=22.12.0
23 silly packumentCache full:https://registry.npmjs.org/@types%2fnode cache-miss
24 http fetch GET 200 https://registry.npmjs.org/@types%2fnode 366ms (cache miss)
25 silly packumentCache full:https://registry.npmjs.org/@types%2fnode set size:undefined disposed:false
26 silly fetch manifest @vitejs/devtools@^0.4.0 || ^0.5.0
27 silly packumentCache full:https://registry.npmjs.org/@vitejs%2fdevtools cache-miss
28 http fetch GET 200 https://registry.npmjs.org/@vitejs%2fdevtools 141ms (cache miss)
29 silly packumentCache full:https://registry.npmjs.org/@vitejs%2fdevtools set size:undefined disposed:false
30 silly fetch manifest @vitejs/devtools-oxc@^0.5.2
31 silly packumentCache full:https://registry.npmjs.org/@vitejs%2fdevtools-oxc cache-miss
32 http fetch GET 200 https://registry.npmjs.org/@vitejs%2fdevtools-oxc 138ms (cache miss)
33 silly packumentCache full:https://registry.npmjs.org/@vitejs%2fdevtools-oxc set size:undefined disposed:false
34 silly fetch manifest @vitejs/devtools-rolldown@^0.5.2
35 silly packumentCache full:https://registry.npmjs.org/@vitejs%2fdevtools-rolldown cache-miss
36 http fetch GET 200 https://registry.npmjs.org/@vitejs%2fdevtools-rolldown 164ms (cache miss)
37 silly packumentCache full:https://registry.npmjs.org/@vitejs%2fdevtools-rolldown set size:undefined disposed:false
38 silly fetch manifest @vitejs/devtools-vite@^0.5.2
39 silly packumentCache full:https://registry.npmjs.org/@vitejs%2fdevtools-vite cache-miss
40 http fetch GET 200 https://registry.npmjs.org/@vitejs%2fdevtools-vite 164ms (cache miss)
41 silly packumentCache full:https://registry.npmjs.org/@vitejs%2fdevtools-vite set size:undefined disposed:false
42 silly fetch manifest @vitejs/devtools-vitest@^0.5.2
43 silly packumentCache full:https://registry.npmjs.org/@vitejs%2fdevtools-vitest cache-miss
44 http fetch GET 200 https://registry.npmjs.org/@vitejs%2fdevtools-vitest 133ms (cache miss)
45 silly packumentCache full:https://registry.npmjs.org/@vitejs%2fdevtools-vitest set size:undefined disposed:false
46 silly fetch manifest vitest@*
47 silly packumentCache full:https://registry.npmjs.org/vitest cache-miss
48 http fetch GET 200 https://registry.npmjs.org/vitest 189ms (cache miss)
49 silly packumentCache full:https://registry.npmjs.org/vitest set size:undefined disposed:false
50 silly fetch manifest @edge-runtime/vm@*
51 silly packumentCache full:https://registry.npmjs.org/@edge-runtime%2fvm cache-miss
52 http fetch GET 200 https://registry.npmjs.org/@edge-runtime%2fvm 156ms (cache miss)
53 silly packumentCache full:https://registry.npmjs.org/@edge-runtime%2fvm set size:undefined disposed:false
54 silly fetch manifest @opentelemetry/api@^1.9.0
55 silly packumentCache full:https://registry.npmjs.org/@opentelemetry%2fapi cache-miss
56 http fetch GET 200 https://registry.npmjs.org/@opentelemetry%2fapi 152ms (cache miss)
57 silly packumentCache full:https://registry.npmjs.org/@opentelemetry%2fapi set size:undefined disposed:false
58 silly fetch manifest @vitest/browser-playwright@5.0.0
59 silly packumentCache full:https://registry.npmjs.org/@vitest%2fbrowser-playwright cache-miss
60 http fetch GET 200 https://registry.npmjs.org/@vitest%2fbrowser-playwright 153ms (cache miss)
61 silly packumentCache full:https://registry.npmjs.org/@vitest%2fbrowser-playwright set size:undefined disposed:false
62 silly fetch manifest playwright@*
63 silly packumentCache full:https://registry.npmjs.org/playwright cache-miss
64 http fetch GET 200 https://registry.npmjs.org/playwright 542ms (cache updated)
65 silly packumentCache full:https://registry.npmjs.org/playwright set size:undefined disposed:false
66 silly fetch manifest @vitest/browser-preview@5.0.0
67 silly packumentCache full:https://registry.npmjs.org/@vitest%2fbrowser-preview cache-miss
68 http fetch GET 200 https://registry.npmjs.org/@vitest%2fbrowser-preview 153ms (cache miss)
69 silly packumentCache full:https://registry.npmjs.org/@vitest%2fbrowser-preview set size:undefined disposed:false
70 silly fetch manifest @vitest/browser-webdriverio@^5.0.0-beta.5 || >=5.0.0
71 silly packumentCache full:https://registry.npmjs.org/@vitest%2fbrowser-webdriverio cache-miss
72 http fetch GET 200 https://registry.npmjs.org/@vitest%2fbrowser-webdriverio 153ms (cache miss)
73 silly packumentCache full:https://registry.npmjs.org/@vitest%2fbrowser-webdriverio set size:undefined disposed:false
74 silly fetch manifest webdriverio@*
75 silly packumentCache full:https://registry.npmjs.org/webdriverio cache-miss
76 http fetch GET 200 https://registry.npmjs.org/webdriverio 198ms (cache miss)
77 silly packumentCache full:https://registry.npmjs.org/webdriverio set size:undefined disposed:false
78 silly fetch manifest puppeteer-core@>=22.x <=24.x
79 silly packumentCache full:https://registry.npmjs.org/puppeteer-core cache-miss
80 http fetch GET 200 https://registry.npmjs.org/puppeteer-core 153ms (cache miss)
81 silly packumentCache full:https://registry.npmjs.org/puppeteer-core set size:undefined disposed:false
82 silly fetch manifest @vitest/coverage-istanbul@5.0.0
83 silly packumentCache full:https://registry.npmjs.org/@vitest%2fcoverage-istanbul cache-miss
84 http fetch GET 200 https://registry.npmjs.org/@vitest%2fcoverage-istanbul 167ms (cache miss)
85 silly packumentCache full:https://registry.npmjs.org/@vitest%2fcoverage-istanbul set size:undefined disposed:false
86 silly fetch manifest @vitest/coverage-v8@5.0.0
87 silly packumentCache full:https://registry.npmjs.org/@vitest%2fcoverage-v8 cache-miss
88 http fetch GET 200 https://registry.npmjs.org/@vitest%2fcoverage-v8 158ms (cache miss)
89 silly packumentCache full:https://registry.npmjs.org/@vitest%2fcoverage-v8 set size:undefined disposed:false
90 silly fetch manifest @vitest/browser@5.0.0
91 silly packumentCache full:https://registry.npmjs.org/@vitest%2fbrowser cache-miss
92 http fetch GET 200 https://registry.npmjs.org/@vitest%2fbrowser 164ms (cache miss)
93 silly packumentCache full:https://registry.npmjs.org/@vitest%2fbrowser set size:undefined disposed:false
94 silly fetch manifest @vitest/ui@5.0.0
95 silly packumentCache full:https://registry.npmjs.org/@vitest%2fui cache-miss
96 http fetch GET 200 https://registry.npmjs.org/@vitest%2fui 177ms (cache miss)
97 silly packumentCache full:https://registry.npmjs.org/@vitest%2fui set size:undefined disposed:false
98 silly fetch manifest happy-dom@*
99 silly packumentCache full:https://registry.npmjs.org/happy-dom cache-miss
100 http fetch GET 200 https://registry.npmjs.org/happy-dom 162ms (cache miss)
101 silly packumentCache full:https://registry.npmjs.org/happy-dom set size:undefined disposed:false
102 silly fetch manifest jsdom@*
103 silly packumentCache full:https://registry.npmjs.org/jsdom cache-miss
104 http fetch GET 200 https://registry.npmjs.org/jsdom 140ms (cache miss)
105 silly packumentCache full:https://registry.npmjs.org/jsdom set size:undefined disposed:false
106 silly fetch manifest canvas@^3.2.3
107 silly packumentCache full:https://registry.npmjs.org/canvas cache-miss
108 http fetch GET 200 https://registry.npmjs.org/canvas 126ms (cache miss)
109 silly packumentCache full:https://registry.npmjs.org/canvas set size:undefined disposed:false
110 silly fetch manifest esbuild@^0.27.0 || ^0.28.0
111 silly packumentCache full:https://registry.npmjs.org/esbuild cache-miss
112 http fetch GET 200 https://registry.npmjs.org/esbuild 167ms (cache miss)
113 silly packumentCache full:https://registry.npmjs.org/esbuild set size:undefined disposed:false
114 silly fetch manifest jiti@>=1.21.0
115 silly packumentCache full:https://registry.npmjs.org/jiti cache-miss
116 http fetch GET 200 https://registry.npmjs.org/jiti 130ms (cache miss)
117 silly packumentCache full:https://registry.npmjs.org/jiti set size:undefined disposed:false
118 silly fetch manifest less@^4.0.0
119 silly packumentCache full:https://registry.npmjs.org/less cache-miss
120 http fetch GET 200 https://registry.npmjs.org/less 125ms (cache miss)
121 silly packumentCache full:https://registry.npmjs.org/less set size:undefined disposed:false
122 silly fetch manifest sass@^1.70.0
123 silly packumentCache full:https://registry.npmjs.org/sass cache-miss
124 http fetch GET 200 https://registry.npmjs.org/sass 139ms (cache miss)
125 silly packumentCache full:https://registry.npmjs.org/sass set size:undefined disposed:false
126 silly fetch manifest sass-embedded@^1.70.0
127 silly packumentCache full:https://registry.npmjs.org/sass-embedded cache-miss
128 http fetch GET 200 https://registry.npmjs.org/sass-embedded 131ms (cache miss)
129 silly packumentCache full:https://registry.npmjs.org/sass-embedded set size:undefined disposed:false
130 silly fetch manifest stylus@>=0.54.8
131 silly packumentCache full:https://registry.npmjs.org/stylus cache-miss
132 http fetch GET 200 https://registry.npmjs.org/stylus 120ms (cache miss)
133 silly packumentCache full:https://registry.npmjs.org/stylus set size:undefined disposed:false
134 silly fetch manifest sugarss@^5.0.0
135 silly packumentCache full:https://registry.npmjs.org/sugarss cache-miss
136 http fetch GET 200 https://registry.npmjs.org/sugarss 116ms (cache miss)
137 silly packumentCache full:https://registry.npmjs.org/sugarss set size:undefined disposed:false
138 silly fetch manifest postcss@^8.3.3
139 silly packumentCache full:https://registry.npmjs.org/postcss cache-miss
140 http fetch GET 200 https://registry.npmjs.org/postcss 144ms (cache miss)
141 silly packumentCache full:https://registry.npmjs.org/postcss set size:undefined disposed:false
142 silly fetch manifest terser@^5.16.0
143 silly packumentCache full:https://registry.npmjs.org/terser cache-miss
144 http fetch GET 200 https://registry.npmjs.org/terser 146ms (cache miss)
145 silly packumentCache full:https://registry.npmjs.org/terser set size:undefined disposed:false
146 silly fetch manifest tsx@^4.8.1
147 silly packumentCache full:https://registry.npmjs.org/tsx cache-miss
148 http fetch GET 200 https://registry.npmjs.org/tsx 133ms (cache miss)
149 silly packumentCache full:https://registry.npmjs.org/tsx set size:undefined disposed:false
150 silly fetch manifest yaml@^2.4.2
151 silly packumentCache full:https://registry.npmjs.org/yaml cache-miss
152 http fetch GET 200 https://registry.npmjs.org/yaml 124ms (cache miss)
153 silly packumentCache full:https://registry.npmjs.org/yaml set size:undefined disposed:false
154 silly placeDep ROOT vite@8.2.2 OK for:  want: 8.2.2
155 silly fetch manifest postcss@^8.5.26
156 silly packumentCache full:https://registry.npmjs.org/postcss cache-miss
157 silly fetch manifest rolldown@~1.2.4
158 silly packumentCache full:https://registry.npmjs.org/rolldown cache-miss
159 silly fetch manifest picomatch@^4.0.5
160 silly packumentCache full:https://registry.npmjs.org/picomatch cache-miss
161 silly fetch manifest tinyglobby@^0.2.17
162 silly packumentCache full:https://registry.npmjs.org/tinyglobby cache-miss
163 silly fetch manifest lightningcss@^1.33.0
164 silly packumentCache full:https://registry.npmjs.org/lightningcss cache-miss
165 silly fetch manifest fsevents@~2.3.3
166 silly packumentCache full:https://registry.npmjs.org/fsevents cache-miss
167 http cache https://registry.npmjs.org/postcss 14ms (cache hit)
168 silly packumentCache full:https://registry.npmjs.org/postcss set size:766699 disposed:false
169 http fetch GET 200 https://registry.npmjs.org/rolldown 196ms (cache miss)
170 silly packumentCache full:https://registry.npmjs.org/rolldown set size:undefined disposed:false
171 http fetch GET 200 https://registry.npmjs.org/tinyglobby 338ms (cache miss)
172 silly packumentCache full:https://registry.npmjs.org/tinyglobby set size:undefined disposed:false
173 http fetch GET 200 https://registry.npmjs.org/lightningcss 347ms (cache miss)
174 silly packumentCache full:https://registry.npmjs.org/lightningcss set size:undefined disposed:false
175 http fetch GET 200 https://registry.npmjs.org/fsevents 362ms (cache miss)
176 silly packumentCache full:https://registry.npmjs.org/fsevents set size:undefined disposed:false
177 http fetch GET 200 https://registry.npmjs.org/picomatch 370ms (cache revalidated)
178 silly packumentCache full:https://registry.npmjs.org/picomatch set size:134451 disposed:false
179 silly placeDep ROOT fsevents@2.3.3 OK for: vite@8.2.2 want: ~2.3.3
180 silly placeDep ROOT lightningcss@1.33.0 OK for: vite@8.2.2 want: ^1.33.0
181 silly placeDep ROOT picomatch@4.0.7 OK for: vite@8.2.2 want: ^4.0.5
182 silly placeDep ROOT postcss@8.5.28 OK for: vite@8.2.2 want: ^8.5.26
183 silly placeDep ROOT rolldown@1.2.7 OK for: vite@8.2.2 want: ~1.2.4
184 silly placeDep ROOT tinyglobby@0.2.17 OK for: vite@8.2.2 want: ^0.2.17
185 silly fetch manifest detect-libc@^2.0.3
186 silly packumentCache full:https://registry.npmjs.org/detect-libc cache-miss
187 silly fetch manifest lightningcss-darwin-x64@1.33.0
188 silly packumentCache full:https://registry.npmjs.org/lightningcss-darwin-x64 cache-miss
189 silly fetch manifest lightningcss-linux-x64-gnu@1.33.0
190 silly packumentCache full:https://registry.npmjs.org/lightningcss-linux-x64-gnu cache-miss
191 silly fetch manifest lightningcss-win32-x64-msvc@1.33.0
192 silly packumentCache full:https://registry.npmjs.org/lightningcss-win32-x64-msvc cache-miss
193 silly fetch manifest lightningcss-win32-arm64-msvc@1.33.0
194 silly packumentCache full:https://registry.npmjs.org/lightningcss-win32-arm64-msvc cache-miss
195 silly fetch manifest lightningcss-darwin-arm64@1.33.0
196 silly packumentCache full:https://registry.npmjs.org/lightningcss-darwin-arm64 cache-miss
197 silly fetch manifest lightningcss-linux-arm64-gnu@1.33.0
198 silly packumentCache full:https://registry.npmjs.org/lightningcss-linux-arm64-gnu cache-miss
199 silly fetch manifest lightningcss-linux-arm-gnueabihf@1.33.0
200 silly packumentCache full:https://registry.npmjs.org/lightningcss-linux-arm-gnueabihf cache-miss
201 silly fetch manifest lightningcss-linux-arm64-musl@1.33.0
202 silly packumentCache full:https://registry.npmjs.org/lightningcss-linux-arm64-musl cache-miss
203 silly fetch manifest lightningcss-linux-x64-musl@1.33.0
204 silly packumentCache full:https://registry.npmjs.org/lightningcss-linux-x64-musl cache-miss
205 silly fetch manifest lightningcss-freebsd-x64@1.33.0
206 silly packumentCache full:https://registry.npmjs.org/lightningcss-freebsd-x64 cache-miss
207 silly fetch manifest lightningcss-android-arm64@1.33.0
208 silly packumentCache full:https://registry.npmjs.org/lightningcss-android-arm64 cache-miss
209 silly fetch manifest nanoid@^3.3.18
210 silly packumentCache full:https://registry.npmjs.org/nanoid cache-miss
211 silly fetch manifest picocolors@^1.1.1
212 silly packumentCache full:https://registry.npmjs.org/picocolors cache-miss
213 silly fetch manifest source-map-js@^1.2.1
214 silly packumentCache full:https://registry.npmjs.org/source-map-js cache-miss
215 http fetch GET 200 https://registry.npmjs.org/lightningcss-darwin-x64 103ms (cache miss)
216 silly packumentCache full:https://registry.npmjs.org/lightningcss-darwin-x64 set size:undefined disposed:false
217 silly fetch manifest @oxc-project/types@=0.148.0
218 silly packumentCache full:https://registry.npmjs.org/@oxc-project%2ftypes cache-miss
219 http fetch GET 200 https://registry.npmjs.org/lightningcss-linux-x64-gnu 106ms (cache miss)
220 silly packumentCache full:https://registry.npmjs.org/lightningcss-linux-x64-gnu set size:undefined disposed:false
221 silly fetch manifest @rolldown/pluginutils@^1.0.0
222 silly packumentCache full:https://registry.npmjs.org/@rolldown%2fpluginutils cache-miss
223 http fetch GET 200 https://registry.npmjs.org/lightningcss-win32-x64-msvc 110ms (cache miss)
224 silly packumentCache full:https://registry.npmjs.org/lightningcss-win32-x64-msvc set size:undefined disposed:false
225 silly fetch manifest @rolldown/binding-darwin-x64@1.2.7
226 silly packumentCache full:https://registry.npmjs.org/@rolldown%2fbinding-darwin-x64 cache-miss
227 http fetch GET 200 https://registry.npmjs.org/lightningcss-win32-arm64-msvc 114ms (cache miss)
228 silly packumentCache full:https://registry.npmjs.org/lightningcss-win32-arm64-msvc set size:undefined disposed:false
229 silly fetch manifest @rolldown/binding-freebsd-x64@1.2.7
230 silly packumentCache full:https://registry.npmjs.org/@rolldown%2fbinding-freebsd-x64 cache-miss
231 http fetch GET 200 https://registry.npmjs.org/detect-libc 122ms (cache miss)
232 silly packumentCache full:https://registry.npmjs.org/detect-libc set size:undefined disposed:false
233 silly fetch manifest @rolldown/binding-darwin-arm64@1.2.7
234 silly packumentCache full:https://registry.npmjs.org/@rolldown%2fbinding-darwin-arm64 cache-miss
235 http fetch GET 200 https://registry.npmjs.org/@oxc-project%2ftypes 134ms (cache miss)
236 silly packumentCache full:https://registry.npmjs.org/@oxc-project%2ftypes set size:undefined disposed:false
237 silly fetch manifest @rolldown/binding-android-arm64@1.2.7
238 silly packumentCache full:https://registry.npmjs.org/@rolldown%2fbinding-android-arm64 cache-miss
239 http fetch GET 200 https://registry.npmjs.org/@rolldown%2fpluginutils 157ms (cache miss)
240 silly packumentCache full:https://registry.npmjs.org/@rolldown%2fpluginutils set size:undefined disposed:false
241 silly fetch manifest @rolldown/binding-linux-x64-gnu@1.2.7
242 silly packumentCache full:https://registry.npmjs.org/@rolldown%2fbinding-linux-x64-gnu cache-miss
243 http fetch GET 200 https://registry.npmjs.org/@rolldown%2fbinding-darwin-arm64 169ms (cache miss)
244 silly packumentCache full:https://registry.npmjs.org/@rolldown%2fbinding-darwin-arm64 set size:undefined disposed:false
245 silly fetch manifest @rolldown/binding-linux-x64-musl@1.2.7
246 silly packumentCache full:https://registry.npmjs.org/@rolldown%2fbinding-linux-x64-musl cache-miss
247 http fetch GET 200 https://registry.npmjs.org/@rolldown%2fbinding-android-arm64 126ms (cache miss)
248 silly packumentCache full:https://registry.npmjs.org/@rolldown%2fbinding-android-arm64 set size:undefined disposed:false
249 silly fetch manifest @rolldown/binding-win32-x64-msvc@1.2.7
250 silly packumentCache full:https://registry.npmjs.org/@rolldown%2fbinding-win32-x64-msvc cache-miss
251 http fetch GET 200 https://registry.npmjs.org/lightningcss-android-arm64 369ms (cache miss)
252 silly packumentCache full:https://registry.npmjs.org/lightningcss-android-arm64 set size:undefined disposed:false
253 silly fetch manifest @rolldown/binding-linux-arm64-gnu@1.2.7
254 silly packumentCache full:https://registry.npmjs.org/@rolldown%2fbinding-linux-arm64-gnu cache-miss
255 http fetch GET 200 https://registry.npmjs.org/lightningcss-linux-arm64-musl 372ms (cache miss)
256 silly packumentCache full:https://registry.npmjs.org/lightningcss-linux-arm64-musl set size:undefined disposed:false
257 silly fetch manifest @rolldown/binding-linux-ppc64-gnu@1.2.7
258 silly packumentCache full:https://registry.npmjs.org/@rolldown%2fbinding-linux-ppc64-gnu cache-miss
259 http fetch GET 200 https://registry.npmjs.org/picocolors 376ms (cache miss)
260 silly packumentCache full:https://registry.npmjs.org/picocolors set size:undefined disposed:false
261 silly fetch manifest @rolldown/binding-linux-s390x-gnu@1.2.7
262 silly packumentCache full:https://registry.npmjs.org/@rolldown%2fbinding-linux-s390x-gnu cache-miss
263 http fetch GET 200 https://registry.npmjs.org/source-map-js 384ms (cache revalidated)
264 silly packumentCache full:https://registry.npmjs.org/source-map-js set size:62640 disposed:false
265 silly fetch manifest @rolldown/binding-android-arm-eabi@1.2.7
266 silly packumentCache full:https://registry.npmjs.org/@rolldown%2fbinding-android-arm-eabi cache-miss
267 http fetch GET 200 https://registry.npmjs.org/lightningcss-linux-arm-gnueabihf 388ms (cache miss)
268 silly packumentCache full:https://registry.npmjs.org/lightningcss-linux-arm-gnueabihf set size:undefined disposed:false
269 silly fetch manifest @rolldown/binding-linux-arm64-musl@1.2.7
270 silly packumentCache full:https://registry.npmjs.org/@rolldown%2fbinding-linux-arm64-musl cache-miss
271 http fetch GET 200 https://registry.npmjs.org/@rolldown%2fbinding-darwin-x64 279ms (cache miss)
272 silly packumentCache full:https://registry.npmjs.org/@rolldown%2fbinding-darwin-x64 set size:undefined disposed:false
273 silly fetch manifest @rolldown/binding-win32-arm64-msvc@1.2.7
274 silly packumentCache full:https://registry.npmjs.org/@rolldown%2fbinding-win32-arm64-msvc cache-miss
275 http fetch GET 200 https://registry.npmjs.org/lightningcss-linux-arm64-gnu 394ms (cache miss)
276 silly packumentCache full:https://registry.npmjs.org/lightningcss-linux-arm64-gnu set size:undefined disposed:false
277 silly fetch manifest @rolldown/binding-openharmony-arm64@1.2.7
278 silly packumentCache full:https://registry.npmjs.org/@rolldown%2fbinding-openharmony-arm64 cache-miss
279 http fetch GET 200 https://registry.npmjs.org/@rolldown%2fbinding-freebsd-x64 285ms (cache miss)
280 silly packumentCache full:https://registry.npmjs.org/@rolldown%2fbinding-freebsd-x64 set size:undefined disposed:false
281 silly fetch manifest @rolldown/binding-linux-arm-gnueabihf@1.2.7
282 silly packumentCache full:https://registry.npmjs.org/@rolldown%2fbinding-linux-arm-gnueabihf cache-miss
283 http fetch GET 200 https://registry.npmjs.org/lightningcss-darwin-arm64 423ms (cache miss)
284 silly packumentCache full:https://registry.npmjs.org/lightningcss-darwin-arm64 set size:undefined disposed:false
285 silly fetch manifest fdir@^6.5.0
286 silly packumentCache full:https://registry.npmjs.org/fdir cache-miss
287 http fetch GET 200 https://registry.npmjs.org/lightningcss-freebsd-x64 425ms (cache miss)
288 silly packumentCache full:https://registry.npmjs.org/lightningcss-freebsd-x64 set size:undefined disposed:false
289 http fetch GET 200 https://registry.npmjs.org/lightningcss-linux-x64-musl 455ms (cache miss)
290 silly packumentCache full:https://registry.npmjs.org/lightningcss-linux-x64-musl set size:undefined disposed:false
291 http fetch GET 200 https://registry.npmjs.org/@rolldown%2fbinding-linux-x64-musl 168ms (cache miss)
292 silly packumentCache full:https://registry.npmjs.org/@rolldown%2fbinding-linux-x64-musl set size:undefined disposed:false
293 http fetch GET 200 https://registry.npmjs.org/@rolldown%2fbinding-linux-ppc64-gnu 133ms (cache miss)
294 silly packumentCache full:https://registry.npmjs.org/@rolldown%2fbinding-linux-ppc64-gnu set size:undefined disposed:false
295 http fetch GET 200 https://registry.npmjs.org/@rolldown%2fbinding-linux-s390x-gnu 131ms (cache miss)
296 silly packumentCache full:https://registry.npmjs.org/@rolldown%2fbinding-linux-s390x-gnu set size:undefined disposed:false
297 http fetch GET 200 https://registry.npmjs.org/@rolldown%2fbinding-android-arm-eabi 133ms (cache miss)
298 silly packumentCache full:https://registry.npmjs.org/@rolldown%2fbinding-android-arm-eabi set size:undefined disposed:false
299 http fetch GET 200 https://registry.npmjs.org/@rolldown%2fbinding-linux-x64-gnu 257ms (cache miss)
300 silly packumentCache full:https://registry.npmjs.org/@rolldown%2fbinding-linux-x64-gnu set size:undefined disposed:false
301 http fetch GET 200 https://registry.npmjs.org/@rolldown%2fbinding-openharmony-arm64 139ms (cache miss)
302 silly packumentCache full:https://registry.npmjs.org/@rolldown%2fbinding-openharmony-arm64 set size:undefined disposed:false
303 http fetch GET 200 https://registry.npmjs.org/fdir 133ms (cache miss)
304 silly packumentCache full:https://registry.npmjs.org/fdir set size:undefined disposed:false
305 http fetch GET 200 https://registry.npmjs.org/@rolldown%2fbinding-win32-arm64-msvc 202ms (cache miss)
306 silly packumentCache full:https://registry.npmjs.org/@rolldown%2fbinding-win32-arm64-msvc set size:undefined disposed:false
307 http fetch GET 200 https://registry.npmjs.org/nanoid 607ms (cache miss)
308 silly packumentCache full:https://registry.npmjs.org/nanoid set size:undefined disposed:false
309 http fetch GET 200 https://registry.npmjs.org/@rolldown%2fbinding-linux-arm64-gnu 256ms (cache miss)
310 silly packumentCache full:https://registry.npmjs.org/@rolldown%2fbinding-linux-arm64-gnu set size:undefined disposed:false
311 http fetch GET 200 https://registry.npmjs.org/@rolldown%2fbinding-linux-arm-gnueabihf 244ms (cache miss)
312 silly packumentCache full:https://registry.npmjs.org/@rolldown%2fbinding-linux-arm-gnueabihf set size:undefined disposed:false
313 http fetch GET 200 https://registry.npmjs.org/@rolldown%2fbinding-win32-x64-msvc 308ms (cache miss)
314 silly packumentCache full:https://registry.npmjs.org/@rolldown%2fbinding-win32-x64-msvc set size:undefined disposed:false
315 http fetch GET 200 https://registry.npmjs.org/@rolldown%2fbinding-linux-arm64-musl 314ms (cache miss)
316 silly packumentCache full:https://registry.npmjs.org/@rolldown%2fbinding-linux-arm64-musl set size:undefined disposed:false
317 silly placeDep ROOT detect-libc@2.1.2 OK for: lightningcss@1.33.0 want: ^2.0.3
318 silly placeDep ROOT lightningcss-android-arm64@1.33.0 OK for: lightningcss@1.33.0 want: 1.33.0
319 silly placeDep ROOT lightningcss-darwin-arm64@1.33.0 OK for: lightningcss@1.33.0 want: 1.33.0
320 silly placeDep ROOT lightningcss-darwin-x64@1.33.0 OK for: lightningcss@1.33.0 want: 1.33.0
321 silly placeDep ROOT lightningcss-freebsd-x64@1.33.0 OK for: lightningcss@1.33.0 want: 1.33.0
322 silly placeDep ROOT lightningcss-linux-arm-gnueabihf@1.33.0 OK for: lightningcss@1.33.0 want: 1.33.0
323 silly placeDep ROOT lightningcss-linux-arm64-gnu@1.33.0 OK for: lightningcss@1.33.0 want: 1.33.0
324 silly placeDep ROOT lightningcss-linux-arm64-musl@1.33.0 OK for: lightningcss@1.33.0 want: 1.33.0
325 silly placeDep ROOT lightningcss-linux-x64-gnu@1.33.0 OK for: lightningcss@1.33.0 want: 1.33.0
326 silly placeDep ROOT lightningcss-linux-x64-musl@1.33.0 OK for: lightningcss@1.33.0 want: 1.33.0
327 silly placeDep ROOT lightningcss-win32-arm64-msvc@1.33.0 OK for: lightningcss@1.33.0 want: 1.33.0
328 silly placeDep ROOT lightningcss-win32-x64-msvc@1.33.0 OK for: lightningcss@1.33.0 want: 1.33.0
329 silly placeDep ROOT nanoid@3.3.18 OK for: postcss@8.5.28 want: ^3.3.18
330 silly placeDep ROOT picocolors@1.1.1 OK for: postcss@8.5.28 want: ^1.1.1
331 silly placeDep ROOT source-map-js@1.2.1 OK for: postcss@8.5.28 want: ^1.2.1
332 silly placeDep ROOT @oxc-project/types@0.148.0 OK for: rolldown@1.2.7 want: =0.148.0
333 silly placeDep ROOT @rolldown/binding-android-arm-eabi@1.2.7 OK for: rolldown@1.2.7 want: 1.2.7
334 silly placeDep ROOT @rolldown/binding-android-arm64@1.2.7 OK for: rolldown@1.2.7 want: 1.2.7
335 silly placeDep ROOT @rolldown/binding-darwin-arm64@1.2.7 OK for: rolldown@1.2.7 want: 1.2.7
336 silly placeDep ROOT @rolldown/binding-darwin-x64@1.2.7 OK for: rolldown@1.2.7 want: 1.2.7
337 silly placeDep ROOT @rolldown/binding-freebsd-x64@1.2.7 OK for: rolldown@1.2.7 want: 1.2.7
338 silly placeDep ROOT @rolldown/binding-linux-arm-gnueabihf@1.2.7 OK for: rolldown@1.2.7 want: 1.2.7
339 silly placeDep ROOT @rolldown/binding-linux-arm64-gnu@1.2.7 OK for: rolldown@1.2.7 want: 1.2.7
340 silly placeDep ROOT @rolldown/binding-linux-arm64-musl@1.2.7 OK for: rolldown@1.2.7 want: 1.2.7
341 silly placeDep ROOT @rolldown/binding-linux-ppc64-gnu@1.2.7 OK for: rolldown@1.2.7 want: 1.2.7
342 silly placeDep ROOT @rolldown/binding-linux-s390x-gnu@1.2.7 OK for: rolldown@1.2.7 want: 1.2.7
343 silly placeDep ROOT @rolldown/binding-linux-x64-gnu@1.2.7 OK for: rolldown@1.2.7 want: 1.2.7
344 silly placeDep ROOT @rolldown/binding-linux-x64-musl@1.2.7 OK for: rolldown@1.2.7 want: 1.2.7
345 silly placeDep ROOT @rolldown/binding-openharmony-arm64@1.2.7 OK for: rolldown@1.2.7 want: 1.2.7
346 silly placeDep ROOT @rolldown/binding-win32-arm64-msvc@1.2.7 OK for: rolldown@1.2.7 want: 1.2.7
347 silly placeDep ROOT @rolldown/binding-win32-x64-msvc@1.2.7 OK for: rolldown@1.2.7 want: 1.2.7
348 silly placeDep ROOT @rolldown/pluginutils@1.0.1 OK for: rolldown@1.2.7 want: ^1.0.0
349 silly fetch manifest picomatch@^4.0.4
350 silly packumentCache full:https://registry.npmjs.org/picomatch cache-hit
351 silly placeDep ROOT fdir@6.5.0 OK for: tinyglobby@0.2.17 want: ^6.5.0
352 silly reify moves {}
353 silly audit bulk request {
353 silly audit   vite: [ '8.2.2' ],
353 silly audit   fsevents: [ '2.3.3' ],
353 silly audit   lightningcss: [ '1.33.0' ],
353 silly audit   picomatch: [ '4.0.7' ],
353 silly audit   postcss: [ '8.5.28' ],
353 silly audit   rolldown: [ '1.2.7' ],
353 silly audit   tinyglobby: [ '0.2.17' ],
353 silly audit   'detect-libc': [ '2.1.2' ],
353 silly audit   'lightningcss-android-arm64': [ '1.33.0' ],
353 silly audit   'lightningcss-darwin-arm64': [ '1.33.0' ],
353 silly audit   'lightningcss-darwin-x64': [ '1.33.0' ],
353 silly audit   'lightningcss-freebsd-x64': [ '1.33.0' ],
353 silly audit   'lightningcss-linux-arm-gnueabihf': [ '1.33.0' ],
353 silly audit   'lightningcss-linux-arm64-gnu': [ '1.33.0' ],
353 silly audit   'lightningcss-linux-arm64-musl': [ '1.33.0' ],
353 silly audit   'lightningcss-linux-x64-gnu': [ '1.33.0' ],
353 silly audit   'lightningcss-linux-x64-musl': [ '1.33.0' ],
353 silly audit   'lightningcss-win32-arm64-msvc': [ '1.33.0' ],
353 silly audit   'lightningcss-win32-x64-msvc': [ '1.33.0' ],
353 silly audit   nanoid: [ '3.3.18' ],
353 silly audit   picocolors: [ '1.1.1' ],
353 silly audit   'source-map-js': [ '1.2.1' ],
353 silly audit   '@oxc-project/types': [ '0.148.0' ],
353 silly audit   '@rolldown/binding-android-arm-eabi': [ '1.2.7' ],
353 silly audit   '@rolldown/binding-android-arm64': [ '1.2.7' ],
353 silly audit   '@rolldown/binding-darwin-arm64': [ '1.2.7' ],
353 silly audit   '@rolldown/binding-darwin-x64': [ '1.2.7' ],
353 silly audit   '@rolldown/binding-freebsd-x64': [ '1.2.7' ],
353 silly audit   '@rolldown/binding-linux-arm-gnueabihf': [ '1.2.7' ],
353 silly audit   '@rolldown/binding-linux-arm64-gnu': [ '1.2.7' ],
353 silly audit   '@rolldown/binding-linux-arm64-musl': [ '1.2.7' ],
353 silly audit   '@rolldown/binding-linux-ppc64-gnu': [ '1.2.7' ],
353 silly audit   '@rolldown/binding-linux-s390x-gnu': [ '1.2.7' ],
353 silly audit   '@rolldown/binding-linux-x64-gnu': [ '1.2.7' ],
353 silly audit   '@rolldown/binding-linux-x64-musl': [ '1.2.7' ],
353 silly audit   '@rolldown/binding-openharmony-arm64': [ '1.2.7' ],
353 silly audit   '@rolldown/binding-win32-arm64-msvc': [ '1.2.7' ],
353 silly audit   '@rolldown/binding-win32-x64-msvc': [ '1.2.7' ],
353 silly audit   '@rolldown/pluginutils': [ '1.0.1' ],
353 silly audit   fdir: [ '6.5.0' ]
353 silly audit }
354 http cache fdir@https://registry.npmjs.org/fdir/-/fdir-6.5.0.tgz 0ms (cache hit)
355 http cache @rolldown/pluginutils@https://registry.npmjs.org/@rolldown/pluginutils/-/pluginutils-1.0.1.tgz 0ms (cache hit)
356 http cache @rolldown/binding-linux-x64-gnu@https://registry.npmjs.org/@rolldown/binding-linux-x64-gnu/-/binding-linux-x64-gnu-1.2.7.tgz 0ms (cache hit)
357 http cache @oxc-project/types@https://registry.npmjs.org/@oxc-project/types/-/types-0.148.0.tgz 0ms (cache hit)
358 http cache source-map-js@https://registry.npmjs.org/source-map-js/-/source-map-js-1.2.1.tgz 0ms (cache hit)
359 http cache picocolors@https://registry.npmjs.org/picocolors/-/picocolors-1.1.1.tgz 0ms (cache hit)
360 http cache nanoid@https://registry.npmjs.org/nanoid/-/nanoid-3.3.18.tgz 0ms (cache hit)
361 http cache lightningcss-linux-x64-gnu@https://registry.npmjs.org/lightningcss-linux-x64-gnu/-/lightningcss-linux-x64-gnu-1.33.0.tgz 0ms (cache hit)
362 http cache detect-libc@https://registry.npmjs.org/detect-libc/-/detect-libc-2.1.2.tgz 0ms (cache hit)
363 http cache tinyglobby@https://registry.npmjs.org/tinyglobby/-/tinyglobby-0.2.17.tgz 0ms (cache hit)
364 http cache rolldown@https://registry.npmjs.org/rolldown/-/rolldown-1.2.7.tgz 0ms (cache hit)
365 http cache postcss@https://registry.npmjs.org/postcss/-/postcss-8.5.28.tgz 0ms (cache hit)
366 http cache picomatch@https://registry.npmjs.org/picomatch/-/picomatch-4.0.7.tgz 0ms (cache hit)
367 http cache lightningcss@https://registry.npmjs.org/lightningcss/-/lightningcss-1.33.0.tgz 0ms (cache hit)
368 http cache vite@https://registry.npmjs.org/vite/-/vite-8.2.2.tgz 0ms (cache hit)
369 silly tarball no local data for fdir@https://registry.npmjs.org/fdir/-/fdir-6.5.0.tgz. Extracting by manifest.
370 silly tarball no local data for @rolldown/pluginutils@https://registry.npmjs.org/@rolldown/pluginutils/-/pluginutils-1.0.1.tgz. Extracting by manifest.
371 silly tarball no local data for @rolldown/binding-linux-x64-gnu@https://registry.npmjs.org/@rolldown/binding-linux-x64-gnu/-/binding-linux-x64-gnu-1.2.7.tgz. Extracting by manifest.
372 silly tarball no local data for @oxc-project/types@https://registry.npmjs.org/@oxc-project/types/-/types-0.148.0.tgz. Extracting by manifest.
373 silly tarball no local data for picocolors@https://registry.npmjs.org/picocolors/-/picocolors-1.1.1.tgz. Extracting by manifest.
374 silly tarball no local data for nanoid@https://registry.npmjs.org/nanoid/-/nanoid-3.3.18.tgz. Extracting by manifest.
375 silly tarball no local data for lightningcss-linux-x64-gnu@https://registry.npmjs.org/lightningcss-linux-x64-gnu/-/lightningcss-linux-x64-gnu-1.33.0.tgz. Extracting by manifest.
376 silly tarball no local data for detect-libc@https://registry.npmjs.org/detect-libc/-/detect-libc-2.1.2.tgz. Extracting by manifest.
377 silly tarball no local data for tinyglobby@https://registry.npmjs.org/tinyglobby/-/tinyglobby-0.2.17.tgz. Extracting by manifest.
378 silly tarball no local data for rolldown@https://registry.npmjs.org/rolldown/-/rolldown-1.2.7.tgz. Extracting by manifest.
379 silly tarball no local data for postcss@https://registry.npmjs.org/postcss/-/postcss-8.5.28.tgz. Extracting by manifest.
380 silly tarball no local data for lightningcss@https://registry.npmjs.org/lightningcss/-/lightningcss-1.33.0.tgz. Extracting by manifest.
381 silly tarball no local data for vite@https://registry.npmjs.org/vite/-/vite-8.2.2.tgz. Extracting by manifest.
382 http fetch GET 200 https://registry.npmjs.org/nanoid/-/nanoid-3.3.18.tgz 104ms (cache miss)
383 http fetch GET 200 https://registry.npmjs.org/tinyglobby/-/tinyglobby-0.2.17.tgz 125ms (cache miss)
384 http fetch GET 200 https://registry.npmjs.org/detect-libc/-/detect-libc-2.1.2.tgz 147ms (cache miss)
385 http fetch GET 200 https://registry.npmjs.org/@oxc-project/types/-/types-0.148.0.tgz 151ms (cache miss)
386 http fetch GET 200 https://registry.npmjs.org/picocolors/-/picocolors-1.1.1.tgz 155ms (cache miss)
387 http fetch GET 200 https://registry.npmjs.org/@rolldown/pluginutils/-/pluginutils-1.0.1.tgz 163ms (cache miss)
388 http fetch GET 200 https://registry.npmjs.org/fdir/-/fdir-6.5.0.tgz 164ms (cache miss)
389 http fetch GET 200 https://registry.npmjs.org/lightningcss/-/lightningcss-1.33.0.tgz 178ms (cache miss)
390 http fetch GET 200 https://registry.npmjs.org/postcss/-/postcss-8.5.28.tgz 180ms (cache miss)
391 http fetch POST 200 https://registry.npmjs.org/-/npm/v1/security/advisories/bulk 291ms
392 silly audit report {}
393 http fetch GET 200 https://registry.npmjs.org/vite/-/vite-8.2.2.tgz 301ms (cache miss)
394 http fetch GET 200 https://registry.npmjs.org/rolldown/-/rolldown-1.2.7.tgz 309ms (cache miss)
395 http fetch GET 200 https://registry.npmjs.org/lightningcss-linux-x64-gnu/-/lightningcss-linux-x64-gnu-1.33.0.tgz 684ms (cache miss)
396 http fetch GET 200 https://registry.npmjs.org/@rolldown/binding-linux-x64-gnu/-/binding-linux-x64-gnu-1.2.7.tgz 787ms (cache miss)
397 verbose cwd /root/nms
398 verbose os Linux 5.15.0-191-generic
399 verbose node v24.19.0
400 verbose npm  v11.17.0
401 verbose exit 1
402 verbose code 1
