0 verbose cli /root/.nvm/versions/node/v24.19.0/bin/node /root/.nvm/versions/node/v24.19.0/lib/node_modules/npm/bin/npm-cli.js
1 info using npm@11.17.0
2 info using node@v24.19.0
3 silly config load:file:/root/.nvm/versions/node/v24.19.0/lib/node_modules/npm/npmrc
4 silly config load:file:/root/nms/.npmrc
5 silly config load:file:/root/.npmrc
6 silly config load:file:/root/.nvm/versions/node/v24.19.0/etc/npmrc
7 verbose title npm exec playwright --version
8 verbose argv "exec" "--" "playwright" "--version"
9 verbose logfile logs-max:10 dir:/root/nms/.npm-cache/_logs/2026-09-06T13_22_54_631Z-
10 verbose logfile /root/nms/.npm-cache/_logs/2026-09-06T13_22_54_631Z-debug-0.log
11 silly logfile done cleaning log files
12 silly packumentCache heap:4496293888 maxSize:1124073472 maxEntrySize:562036736
13 http fetch GET 200 https://registry.npmjs.org/playwright 1453ms (cache miss)
14 silly packumentCache heap:4496293888 maxSize:1124073472 maxEntrySize:562036736
15 silly packumentCache heap:4496293888 maxSize:1124073472 maxEntrySize:562036736
16 warn exec The following package was not found and will be installed: playwright@1.63.0
17 silly idealTree buildDeps
18 silly fetch manifest playwright@1.63.0
19 silly packumentCache full:https://registry.npmjs.org/playwright cache-miss
20 http fetch GET 200 https://registry.npmjs.org/playwright 140ms (cache revalidated)
21 silly packumentCache full:https://registry.npmjs.org/playwright set size:16724903 disposed:false
22 silly placeDep ROOT playwright@1.63.0 OK for:  want: 1.63.0
23 silly fetch manifest playwright-core@1.63.0
24 silly packumentCache full:https://registry.npmjs.org/playwright-core cache-miss
25 http fetch GET 200 https://registry.npmjs.org/playwright-core 675ms (cache miss)
26 silly packumentCache full:https://registry.npmjs.org/playwright-core set size:undefined disposed:false
27 silly placeDep ROOT playwright-core@1.63.0 OK for: playwright@1.63.0 want: 1.63.0
28 silly reify moves {}
29 silly audit bulk request { playwright: [ '1.63.0' ], 'playwright-core': [ '1.63.0' ] }
30 http cache playwright-core@https://registry.npmjs.org/playwright-core/-/playwright-core-1.63.0.tgz 0ms (cache hit)
31 http cache playwright@https://registry.npmjs.org/playwright/-/playwright-1.63.0.tgz 0ms (cache hit)
32 silly tarball no local data for playwright-core@https://registry.npmjs.org/playwright-core/-/playwright-core-1.63.0.tgz. Extracting by manifest.
33 silly tarball no local data for playwright@https://registry.npmjs.org/playwright/-/playwright-1.63.0.tgz. Extracting by manifest.
34 http fetch POST 200 https://registry.npmjs.org/-/npm/v1/security/advisories/bulk 386ms
35 silly audit report {}
36 http fetch GET 200 https://registry.npmjs.org/playwright/-/playwright-1.63.0.tgz 1812ms (cache miss)
37 http fetch GET 200 https://registry.npmjs.org/playwright-core/-/playwright-core-1.63.0.tgz 2373ms (cache miss)
38 verbose cwd /root/nms
39 verbose os Linux 5.15.0-191-generic
40 verbose node v24.19.0
41 verbose npm  v11.17.0
42 verbose exit 0
43 info ok
